---
source: crates/cosh-sdk/src/term_screen/core/test/csi.rs
expression: term.screen().visible_lines()
---
[
    Line {
        cells: V(
            VecStorage {
                cells: [
                    Cell {
                        text: "f",
                        width: 1,
                        attrs: CellAttributes {
                            attributes: 0,
                            intensity: Normal,
                            underline: None,
                            blink: None,
                            italic: false,
                            reverse: false,
                            strikethrough: false,
                            invisible: false,
                            wrapped: false,
                            overline: false,
                            semantic_type: Output,
                            foreground: Default,
                            background: PaletteIndex(
                                0,
                            ),
                            fat: None,
                        },
                    },
                    Cell {
                        text: "o",
                        width: 1,
                        attrs: CellAttributes {
                            attributes: 0,
                            intensity: Normal,
                            underline: None,
                            blink: None,
                            italic: false,
                            reverse: false,
                            strikethrough: false,
                            invisible: false,
                            wrapped: false,
                            overline: false,
                            semantic_type: Output,
                            foreground: Default,
                            background: PaletteIndex(
                                0,
                            ),
                            fat: None,
                        },
                    },
                    Cell {
                        text: "o",
                        width: 1,
                        attrs: CellAttributes {
                            attributes: 0,
                            intensity: Normal,
                            underline: None,
                            blink: None,
                            italic: false,
                            reverse: false,
                            strikethrough: false,
                            invisible: false,
                            wrapped: false,
                            overline: false,
                            semantic_type: Output,
                            foreground: Default,
                            background: PaletteIndex(
                                0,
                            ),
                            fat: None,
                        },
                    },
                    Cell {
                        text: " ",
                        width: 1,
                        attrs: CellAttributes {
                            attributes: 0,
                            intensity: Normal,
                            underline: None,
                            blink: None,
                            italic: false,
                            reverse: false,
                            strikethrough: false,
                            invisible: false,
                            wrapped: false,
                            overline: false,
                            semantic_type: Output,
                            foreground: Default,
                            background: PaletteIndex(
                                0,
                            ),
                            fat: None,
                        },
                    },
                    Cell {
                        text: " ",
                        width: 1,
                        attrs: CellAttributes {
                            attributes: 0,
                            intensity: Normal,
                            underline: None,
                            blink: None,
                            italic: false,
                            reverse: false,
                            strikethrough: false,
                            invisible: false,
                            wrapped: false,
                            overline: false,
                            semantic_type: Output,
                            foreground: Default,
                            background: PaletteIndex(
                                0,
                            ),
                            fat: None,
                        },
                    },
                    Cell {
                        text: " ",
                        width: 1,
                        attrs: CellAttributes {
                            attributes: 0,
                            intensity: Normal,
                            underline: None,
                            blink: None,
                            italic: false,
                            reverse: false,
                            strikethrough: false,
                            invisible: false,
                            wrapped: false,
                            overline: false,
                            semantic_type: Output,
                            foreground: Default,
                            background: PaletteIndex(
                                0,
                            ),
                            fat: None,
                        },
                    },
                    Cell {
                        text: " ",
                        width: 1,
                        attrs: CellAttributes {
                            attributes: 0,
                            intensity: Normal,
                            underline: None,
                            blink: None,
                            italic: false,
                            reverse: false,
                            strikethrough: false,
                            invisible: false,
                            wrapped: false,
                            overline: false,
                            semantic_type: Output,
                            foreground: Default,
                            background: PaletteIndex(
                                0,
                            ),
                            fat: None,
                        },
                    },
                    Cell {
                        text: " ",
                        width: 1,
                        attrs: CellAttributes {
                            attributes: 0,
                            intensity: Normal,
                            underline: None,
                            blink: None,
                            italic: false,
                            reverse: false,
                            strikethrough: false,
                            invisible: false,
                            wrapped: false,
                            overline: false,
                            semantic_type: Output,
                            foreground: Default,
                            background: PaletteIndex(
                                0,
                            ),
                            fat: None,
                        },
                    },
                ],
            },
        ),
        zones: [],
        seqno: 5,
        bits: LineBits(
            0x0,
        ),
        appdata: Mutex {
            data: None,
            poisoned: false,
            ..
        },
    },
]
